// Jest Snapshot v1, https://goo.gl/fbAQLP

exports[`hooks loader with proxy Compile lambda 1`] = `
import { createRequest } from '@midwayjs/hooks-core/lib/request/sdk';

export default createRequest('/api', 'default');
`;

exports[`hooks loader with proxy Compile render 1`] = `
import { createRequest } from '@midwayjs/hooks-core/lib/request/sdk';

export default createRequest('/', 'default');
export const foo = createRequest('/', 'foo');
export const bar = createRequest('/', 'bar');
`;

exports[`hooks loader with proxy non-lambda files should not be compiled 1`] = `
export function isTrue(value) {
    return value === 'true' || value === true;
}

`;
