// Jest Snapshot v1, https://goo.gl/fbAQLP

exports[`load user config 1`] = `
Object {
  "build": Object {
    "outDir": "./dist",
    "viteOutDir": "./build",
  },
  "request": Object {
    "client": "@midwayjs/hooks-core/request",
  },
  "routes": Array [
    Object {
      "baseDir": "lambda",
      "basePath": "/api",
    },
  ],
  "source": "src",
  "superjson": true,
}
`;

exports[`load user config 2`] = `
Object {
  "build": Object {
    "outDir": "./dist",
    "viteOutDir": "./build",
  },
  "request": Object {
    "client": "@midwayjs/hooks-core/request",
  },
  "routes": Array [
    Object {
      "baseDir": "lambda",
      "basePath": "/api",
    },
  ],
  "source": "src",
  "superjson": true,
}
`;

exports[`load user config 3`] = `
Object {
  "build": Object {
    "outDir": "./dist",
    "viteOutDir": "./build",
  },
  "request": Object {
    "client": "@midwayjs/hooks-core/request",
  },
  "routes": Array [
    Object {
      "baseDir": "lambda",
      "basePath": "/api",
    },
  ],
  "source": "src",
  "superjson": true,
}
`;
