// Jest Snapshot v1, https://goo.gl/fbAQLP

exports[`features remove underscore 1`] = `
{
  "arrow-hook-ref-arrow-hook-usequery": {
    "deployName": "arrow-hook-ref-arrow-hook-usequery",
    "isFunctional": true,
    "exportFunction": "useQuery",
    "sourceFile": "src/lambda/arrow-hook-ref-arrow-hook.ts",
    "sourceFilePath": "lambda/arrow-hook-ref-arrow-hook.js",
    "handler": "arrow-hook-ref-arrow-hook-usequery.handler",
    "gatewayConfig": {
      "url": "/api/arrow-hook-ref-arrow-hook/useQuery",
      "method": "POST",
      "meta": {
        "functionName": "arrow-hook-ref-arrow-hook-usequery"
      }
    },
    "event": {
      "http": {
        "basePath": "/api"
      }
    }
  },
  "arrow-hook-ref-arrow-hook-useinner": {
    "deployName": "arrow-hook-ref-arrow-hook-useinner",
    "isFunctional": true,
    "exportFunction": "useInner",
    "sourceFile": "src/lambda/arrow-hook-ref-arrow-hook.ts",
    "sourceFilePath": "lambda/arrow-hook-ref-arrow-hook.js",
    "handler": "arrow-hook-ref-arrow-hook-useinner.handler",
    "gatewayConfig": {
      "url": "/api/arrow-hook-ref-arrow-hook/useInner",
      "method": "GET",
      "meta": {
        "functionName": "arrow-hook-ref-arrow-hook-useinner"
      }
    },
    "event": {
      "http": {
        "basePath": "/api"
      }
    }
  },
  "export-arrow-hello": {
    "deployName": "export-arrow-hello",
    "isFunctional": true,
    "exportFunction": "hello",
    "sourceFile": "src/lambda/export-arrow.ts",
    "sourceFilePath": "lambda/export-arrow.js",
    "handler": "export-arrow-hello.handler",
    "gatewayConfig": {
      "url": "/api/export-arrow/hello",
      "method": "POST",
      "meta": {
        "functionName": "export-arrow-hello"
      }
    },
    "event": {
      "http": {
        "basePath": "/api"
      }
    }
  },
  "export-default-anonymous": {
    "deployName": "export-default-anonymous",
    "isFunctional": true,
    "exportFunction": "",
    "sourceFile": "src/lambda/export-default-anonymous.ts",
    "sourceFilePath": "lambda/export-default-anonymous.js",
    "handler": "export-default-anonymous.handler",
    "gatewayConfig": {
      "url": "/api/export-default-anonymous",
      "method": "GET",
      "meta": {
        "functionName": "export-default-anonymous"
      }
    },
    "event": {
      "http": {
        "basePath": "/api"
      }
    }
  },
  "export-default-func": {
    "deployName": "export-default-func",
    "isFunctional": true,
    "exportFunction": "",
    "sourceFile": "src/lambda/export-default-func.ts",
    "sourceFilePath": "lambda/export-default-func.js",
    "handler": "export-default-func.handler",
    "gatewayConfig": {
      "url": "/api/export-default-func",
      "method": "POST",
      "meta": {
        "functionName": "export-default-func"
      }
    },
    "event": {
      "http": {
        "basePath": "/api"
      }
    }
  },
  "export-default-named": {
    "deployName": "export-default-named",
    "isFunctional": true,
    "exportFunction": "",
    "sourceFile": "src/lambda/export-default-named.ts",
    "sourceFilePath": "lambda/export-default-named.js",
    "handler": "export-default-named.handler",
    "gatewayConfig": {
      "url": "/api/export-default-named",
      "method": "POST",
      "meta": {
        "functionName": "export-default-named"
      }
    },
    "event": {
      "http": {
        "basePath": "/api"
      }
    }
  }
}
`;
