// Jest Snapshot v1, https://goo.gl/fbAQLP

exports[`Compiler FunctionsRule Routes should be generated according to the configured rules 1`] = `
Object {
  "lambda-index": Object {
    "deployName": "lambda-index",
    "event": Object {
      "http": Object {
        "basePath": "/api",
      },
    },
    "exportFunction": "",
    "gatewayConfig": Object {
      "meta": Object {
        "functionName": "lambda-index",
      },
      "method": "GET",
      "url": "/api",
    },
    "handler": "lambda-index.handler",
    "isFunctional": true,
    "sourceFilePath": "lambda/index.js",
  },
  "render-index": Object {
    "deployName": "render-index",
    "event": Object {
      "http": Object {
        "basePath": "/",
      },
    },
    "exportFunction": "",
    "gatewayConfig": Object {
      "meta": Object {
        "functionName": "render-index",
      },
      "method": "GET",
      "url": "/",
    },
    "handler": "render-index.handler",
    "isFunctional": true,
    "sourceFilePath": "render/index.js",
  },
}
`;
