// Jest Snapshot v1, https://goo.gl/fbAQLP

exports[`component should validate arguments 1`] = `"[ERR_INVALID_ARG_TYPE]: The 'runtimeConfig.middleware' argument must be of type Array. Received null"`;
