// Jest Snapshot v1, https://goo.gl/fbAQLP

exports[`defineMeta 1`] = `
Object {
  "HAS_METADATA_INPUT": true,
  "Http_Header": true,
  "Http_Param": true,
  "Http_Query": true,
  "Middleware": Array [
    [Function],
  ],
  "Trigger": Object {
    "method": "GET",
    "requestClient": Object {
      "client": "@midwayjs/fetch",
      "fetcher": "$fetch",
    },
    "type": "HTTP",
  },
}
`;
