// Jest Snapshot v1, https://goo.gl/fbAQLP

exports[`NewFileRouter test file router 1`] = `
Object {
  "baseDir": "lambda",
  "basePath": "/api",
}
`;
